// Jest Snapshot v1, https://goo.gl/fbAQLP

exports[`Calculator Component test Should render  1`] = `
<button
  className="button operator"
  type="button"
/>
`;
