// Jest Snapshot v1, https://goo.gl/fbAQLP

exports[`Home component test Should render 1`] = `
<div
  className="home container"
>
  <h2
    className="title"
  >
    Welcome to our Page
  </h2>
  <p
    className="home-details"
  >
    lorem ipsum dolor sit amet, consectetur adiplore, sed do eiusmod tempor incidid lorem inc lorem ipsum dolor sit amet, consectetur adiplore, sed do eius mod lorem ipsum dolor sit amet, consectetur adiplore, sed do eiusmod tempor incididunt lorem inc lore sit amet et alice. Lore m lorem ips lorem  ipsum dolor sit amet,  consectet lorem ipsum dolor sit amet, consectetur adiplore, sed do eiusmod tempor lorem ipsum dolor sit amet, consectetur adiplore, sed do eiusmod tempor incidid lorem inc lorem ipsum dolor sit amet, consectetur adiplore, sed do eius mod lorem ipsum dolor sit amet, consectetur adiplore, sed do eiusmod tempor incididunt lorem inc lore sit amet et alice. Lore m lorem ips lorem  ipsum dolor sit amet,  consectet lorem ipsum dolor sit amet, consectetur adiplore, sed do eiusmod tempor lorem ipsum dolor sit amet, consectetur adiplore, sed do eiusmod tempor incidid lorem inc lorem ipsum dolor sit amet, consectetur adiplore, sed do eius mod lorem ipsum dolor sit amet, consectetur adiplore, sed do eiusmod tempor incididunt lorem inc lore sit amet et alice. Lore m lorem ips lorem  ipsum dolor sit amet,  consectet lorem ipsum dolor sit amet, consectetur adiplore, sed do eiusmod tempor
  </p>
</div>
`;
