// Jest Snapshot v1, https://goo.gl/fbAQLP

exports[`Quote component test Should render 1`] = `
<div
  className="container"
>
  <h2
    className="title"
  >
    Quote of the Day
  </h2>
  <p
    className="quote"
  >
    "Mathematics is not about numbers, equations, computations, or algorithms: it is about understanding." ~William Paul Thurson.
  </p>
</div>
`;
